exports[`test renders a modal item 1`] = `
<View
  accessibilityComponentType={undefined}
  accessibilityLabel={undefined}
  accessibilityTraits={undefined}
  accessible={true}
  hitSlop={undefined}
  onLayout={undefined}
  onResponderGrant={[Function]}
  onResponderMove={[Function]}
  onResponderRelease={[Function]}
  onResponderTerminate={[Function]}
  onResponderTerminationRequest={[Function]}
  onStartShouldSetResponder={[Function]}
  style={
    Array [
      Object {
        "backgroundColor": "transparent",
      },
      undefined,
    ]
  }
  testID={undefined}>
  <View
    style={
      Object {
        "alignItems": "center",
        "borderBottomColor": "#bbb",
        "borderBottomWidth": 1,
        "flexDirection": "row",
        "height": 50,
        "justifyContent": "space-between",
        "paddingHorizontal": 20,
      }
    }>
    <Text
      accessible={true}
      allowFontScaling={true}
      ellipsisMode="tail"
      ellipsizeMode="tail"
      numberOfLines={1}
      style={
        Array [
          Object {
            "fontSize": 16,
            "width": 380,
          },
          Object {},
        ]
      }>
      C
    </Text>
    <View
      style={
        Array [
          Object {
            "alignItems": "center",
            "borderColor": "#888",
            "borderRadius": 10,
            "borderWidth": 1,
            "height": 20,
            "justifyContent": "center",
            "overflow": "hidden",
            "width": 20,
          },
          Object {},
          Object {},
        ]
      } />
  </View>
</View>
`;

exports[`test renders disabled LabelSelect 1`] = `
<View
  style={
    Array [
      Object {
        "alignItems": "center",
        "flexDirection": "row",
        "flexWrap": "wrap",
        "justifyContent": "flex-start",
      },
      Object {},
    ]
  }>
  <View
    style={
      Array [
        Object {
          "alignItems": "center",
          "backgroundColor": "#f6f6f6",
          "borderColor": "#aaa",
          "borderRadius": 6,
          "borderWidth": 1,
          "flexDirection": "row",
          "justifyContent": "center",
          "margin": 4,
          "overflow": "hidden",
        },
        Object {
          "backgroundColor": "#eaeaea",
        },
      ]
    }>
    <Text
      accessible={true}
      allowFontScaling={true}
      ellipsisMode="tail"
      ellipsizeMode="tail"
      numberOfLines={1}
      style={
        Array [
          Object {
            "fontSize": 14,
            "lineHeight": 14,
            "maxWidth": 300,
            "padding": 6,
          },
          Object {
            "color": "#999",
          },
          Object {},
        ]
      }>
      A
    </Text>
  </View>
  <View
    style={
      Array [
        Object {
          "alignItems": "center",
          "backgroundColor": "#f6f6f6",
          "borderColor": "#aaa",
          "borderRadius": 6,
          "borderWidth": 1,
          "flexDirection": "row",
          "justifyContent": "center",
          "margin": 4,
          "overflow": "hidden",
        },
        Object {
          "backgroundColor": "#eaeaea",
        },
      ]
    }>
    <Text
      accessible={true}
      allowFontScaling={true}
      ellipsisMode="tail"
      ellipsizeMode="tail"
      numberOfLines={1}
      style={
        Array [
          Object {
            "fontSize": 14,
            "lineHeight": 14,
            "maxWidth": 300,
            "padding": 6,
          },
          Object {
            "color": "#999",
          },
          Object {},
        ]
      }>
      B
    </Text>
  </View>
  <Modal
    onRequestClose={[Function]}
    transparent={true}
    visible={false}>
    <View
      style={
        Object {
          "flex": 1,
        }
      }>
      <View
        accessibilityComponentType={undefined}
        accessibilityLabel={undefined}
        accessibilityTraits={undefined}
        accessible={true}
        hitSlop={undefined}
        onLayout={undefined}
        onResponderGrant={[Function]}
        onResponderMove={[Function]}
        onResponderRelease={[Function]}
        onResponderTerminate={[Function]}
        onResponderTerminationRequest={[Function]}
        onStartShouldSetResponder={[Function]}
        style={
          Array [
            Object {
              "backgroundColor": "transparent",
            },
            Object {
              "alignItems": "center",
              "backgroundColor": "#00000077",
              "flex": 1,
              "justifyContent": "center",
            },
          ]
        }
        testID={undefined}>
        <View
          style={Object {}}>
          <View
            style={
              Array [
                Object {
                  "backgroundColor": "#fff",
                  "borderRadius": 10,
                  "height": 800.4,
                  "overflow": "hidden",
                  "width": 450,
                },
                Object {},
              ]
            }>
            <View
              style={
                Object {
                  "borderBottomColor": "#bbb",
                  "borderBottomWidth": 1,
                  "paddingHorizontal": 20,
                  "paddingVertical": 10,
                }
              }>
              <Text
                accessible={true}
                allowFontScaling={true}
                ellipsizeMode="tail"
                style={
                  Object {
                    "fontSize": 18,
                    "lineHeight": 20,
                  }
                }>
                Test3
              </Text>
            </View>
            <View
              style={
                Object {
                  "height": 720.4,
                }
              }>
              <ScrollView />
            </View>
            <View
              style={
                Array [
                  Object {
                    "borderBottomLeftRadius": 10,
                    "borderBottomRightRadius": 10,
                    "flexDirection": "row",
                    "justifyContent": "space-around",
                  },
                  Object {},
                ]
              }>
              <View
                accessibilityComponentType={undefined}
                accessibilityLabel={undefined}
                accessibilityTraits={undefined}
                accessible={true}
                hitSlop={undefined}
                onLayout={undefined}
                onResponderGrant={[Function]}
                onResponderMove={[Function]}
                onResponderRelease={[Function]}
                onResponderTerminate={[Function]}
                onResponderTerminationRequest={[Function]}
                onStartShouldSetResponder={[Function]}
                style={
                  Array [
                    Object {
                      "backgroundColor": "transparent",
                    },
                    undefined,
                  ]
                }
                testID={undefined}>
                <View
                  style={
                    Array [
                      Object {
                        "alignItems": "center",
                        "backgroundColor": "#40cca2",
                        "height": 40,
                        "justifyContent": "center",
                        "paddingLeft": 20,
                        "paddingRight": 20,
                        "width": 225,
                      },
                      Object {},
                    ]
                  }>
                  <Text
                    accessible={true}
                    allowFontScaling={true}
                    ellipsizeMode="tail"
                    style={
                      Array [
                        Object {
                          "color": "#fff",
                          "fontSize": 16,
                        },
                        Object {},
                      ]
                    }>
                    Cancel
                  </Text>
                </View>
              </View>
              <View
                accessibilityComponentType={undefined}
                accessibilityLabel={undefined}
                accessibilityTraits={undefined}
                accessible={true}
                hitSlop={undefined}
                onLayout={undefined}
                onResponderGrant={[Function]}
                onResponderMove={[Function]}
                onResponderRelease={[Function]}
                onResponderTerminate={[Function]}
                onResponderTerminationRequest={[Function]}
                onStartShouldSetResponder={[Function]}
                style={
                  Array [
                    Object {
                      "backgroundColor": "transparent",
                    },
                    undefined,
                  ]
                }
                testID={undefined}>
                <View
                  style={
                    Array [
                      Object {
                        "alignItems": "center",
                        "backgroundColor": "#40cca2",
                        "height": 40,
                        "justifyContent": "center",
                        "paddingLeft": 20,
                        "paddingRight": 20,
                        "width": 225,
                      },
                      Object {
                        "borderLeftColor": "#fff",
                        "borderLeftWidth": 1,
                      },
                      Object {},
                    ]
                  }>
                  <Text
                    accessible={true}
                    allowFontScaling={true}
                    ellipsizeMode="tail"
                    style={
                      Array [
                        Object {
                          "color": "#fff",
                          "fontSize": 16,
                        },
                        Object {},
                      ]
                    }>
                    Confirm
                  </Text>
                </View>
              </View>
            </View>
          </View>
        </View>
      </View>
    </View>
  </Modal>
</View>
`;

exports[`test renders enabled LabelSelect 1`] = `
<View
  style={
    Array [
      Object {
        "alignItems": "center",
        "flexDirection": "row",
        "flexWrap": "wrap",
        "justifyContent": "flex-start",
      },
      Object {},
    ]
  }>
  <View
    style={
      Array [
        Object {
          "alignItems": "center",
          "backgroundColor": "#f6f6f6",
          "borderColor": "#aaa",
          "borderRadius": 6,
          "borderWidth": 1,
          "flexDirection": "row",
          "justifyContent": "center",
          "margin": 4,
          "overflow": "hidden",
        },
        false,
      ]
    }>
    <Text
      accessible={true}
      allowFontScaling={true}
      ellipsisMode="tail"
      ellipsizeMode="tail"
      numberOfLines={1}
      style={
        Array [
          Object {
            "fontSize": 14,
            "lineHeight": 14,
            "maxWidth": 300,
            "padding": 6,
          },
          false,
          Object {},
        ]
      }>
      A
    </Text>
    <View
      accessibilityComponentType={undefined}
      accessibilityLabel={undefined}
      accessibilityTraits={undefined}
      accessible={true}
      hitSlop={undefined}
      onLayout={undefined}
      onResponderGrant={[Function]}
      onResponderMove={[Function]}
      onResponderRelease={[Function]}
      onResponderTerminate={[Function]}
      onResponderTerminationRequest={[Function]}
      onStartShouldSetResponder={[Function]}
      style={
        Array [
          Object {
            "backgroundColor": "transparent",
          },
          Object {
            "borderLeftColor": "#c8c8c8",
            "borderLeftWidth": 1,
            "padding": 8,
          },
        ]
      }
      testID={undefined}>
      <View>
        <Image
          resizeMode="cover"
          source={
            Object {
              "uri": "data:image/png;base64,iVBORw0KGgoAAAANSUhEUgAAACAAAAAgCAYAAABzenr0AAABnElEQVRYR8WXy1HDMBCG/734Sjoh6QAqgBKgg/gij29wtC4uAegAKoASXEJKCFfPeMTIYxn5IVmvTHJM4v0+rbS7MuHKH7oyH6NAXde7tm3fpBARvTLGmpRynPM9gD4+gGcVfxTgnH8CeBj+cAZwn0pigH8D2A3xG8bYoV+sWuVMQH6dRGIFLmN/McYe5wJ7IcQPEd1oqY+SWIMLIX6J6G6xBRIqH0gl4QKfZEDbimgJV/iqQGwmfOBGgVAJX7hVwFciBL4p4CoRCncS2JIYDq/eZDAvNVtHdZ4FlhKV8VWH84I7Z2CjRMcF+qxcPeScgS2JELh3BtR5ADDZ85gB5pUBw2DRz5j37HAWMJVan8aIAeYkYKtzKRAzwDYFXJpMzBS1CrjAY6eoUcAHHiOxKhACD5VYCMTAQyQmAingvhL6rVje24On2trEM1VH13WHsixPk1ZcVVVDRLcqUGhvn4sYJJbXcl0gFdy0HUKIj6IoniYZGEzfiUj282OqtyJdAsCLEOKcZdkxz3PJ+X8zst1aLvnbZiu+JFzG/gPiB7Awgm9hrgAAAABJRU5ErkJggg==",
            }
          }
          style={
            Object {
              "height": 10,
              "width": 10,
            }
          } />
      </View>
    </View>
  </View>
  <View
    style={
      Array [
        Object {
          "alignItems": "center",
          "backgroundColor": "#f6f6f6",
          "borderColor": "#aaa",
          "borderRadius": 6,
          "borderWidth": 1,
          "flexDirection": "row",
          "justifyContent": "center",
          "margin": 4,
          "overflow": "hidden",
        },
        false,
      ]
    }>
    <Text
      accessible={true}
      allowFontScaling={true}
      ellipsisMode="tail"
      ellipsizeMode="tail"
      numberOfLines={1}
      style={
        Array [
          Object {
            "fontSize": 14,
            "lineHeight": 14,
            "maxWidth": 300,
            "padding": 6,
          },
          false,
          Object {},
        ]
      }>
      B
    </Text>
    <View
      accessibilityComponentType={undefined}
      accessibilityLabel={undefined}
      accessibilityTraits={undefined}
      accessible={true}
      hitSlop={undefined}
      onLayout={undefined}
      onResponderGrant={[Function]}
      onResponderMove={[Function]}
      onResponderRelease={[Function]}
      onResponderTerminate={[Function]}
      onResponderTerminationRequest={[Function]}
      onStartShouldSetResponder={[Function]}
      style={
        Array [
          Object {
            "backgroundColor": "transparent",
          },
          Object {
            "borderLeftColor": "#c8c8c8",
            "borderLeftWidth": 1,
            "padding": 8,
          },
        ]
      }
      testID={undefined}>
      <View>
        <Image
          resizeMode="cover"
          source={
            Object {
              "uri": "data:image/png;base64,iVBORw0KGgoAAAANSUhEUgAAACAAAAAgCAYAAABzenr0AAABnElEQVRYR8WXy1HDMBCG/734Sjoh6QAqgBKgg/gij29wtC4uAegAKoASXEJKCFfPeMTIYxn5IVmvTHJM4v0+rbS7MuHKH7oyH6NAXde7tm3fpBARvTLGmpRynPM9gD4+gGcVfxTgnH8CeBj+cAZwn0pigH8D2A3xG8bYoV+sWuVMQH6dRGIFLmN/McYe5wJ7IcQPEd1oqY+SWIMLIX6J6G6xBRIqH0gl4QKfZEDbimgJV/iqQGwmfOBGgVAJX7hVwFciBL4p4CoRCncS2JIYDq/eZDAvNVtHdZ4FlhKV8VWH84I7Z2CjRMcF+qxcPeScgS2JELh3BtR5ADDZ85gB5pUBw2DRz5j37HAWMJVan8aIAeYkYKtzKRAzwDYFXJpMzBS1CrjAY6eoUcAHHiOxKhACD5VYCMTAQyQmAingvhL6rVje24On2trEM1VH13WHsixPk1ZcVVVDRLcqUGhvn4sYJJbXcl0gFdy0HUKIj6IoniYZGEzfiUj282OqtyJdAsCLEOKcZdkxz3PJ+X8zst1aLvnbZiu+JFzG/gPiB7Awgm9hrgAAAABJRU5ErkJggg==",
            }
          }
          style={
            Object {
              "height": 10,
              "width": 10,
            }
          } />
      </View>
    </View>
  </View>
  <View
    accessibilityComponentType={undefined}
    accessibilityLabel={undefined}
    accessibilityTraits={undefined}
    accessible={true}
    hitSlop={undefined}
    onLayout={undefined}
    onResponderGrant={[Function]}
    onResponderMove={[Function]}
    onResponderRelease={[Function]}
    onResponderTerminate={[Function]}
    onResponderTerminationRequest={[Function]}
    onStartShouldSetResponder={[Function]}
    style={
      Array [
        Object {
          "backgroundColor": "transparent",
        },
        Array [
          Object {
            "alignItems": "center",
            "backgroundColor": "#f6f6f6",
            "borderColor": "#aaa",
            "borderRadius": 6,
            "borderWidth": 1,
            "flexDirection": "row",
            "justifyContent": "center",
            "margin": 4,
            "overflow": "hidden",
          },
          Object {
            "padding": 7,
          },
        ],
      ]
    }
    testID={undefined}>
    <Image
      resizeMode="cover"
      source={
        Object {
          "uri": "data:image/png;base64,iVBORw0KGgoAAAANSUhEUgAAACAAAAAgCAYAAABzenr0AAAA7ElEQVRYR+2X0QnCQAyG87cLuIF1EusEOoq+NPTJ+lSuLzqKTmDdRDdwgbvISRVEhGuVFiGBe8td/nyB+wlo4MDA9amzgLIskyiKjr4B59wsz/Nzl2Y6CzDGLAFsfVERWTHzrm8BBYB1I2DDzIUKUAJKQAn8NwH/t8dxPAcwCulERFIi8sdHDaAOvHe11h4e3vH0gqqqvJmMQx75NkdEzsw88e8MIoCILlmWJS8CGntdEFHQCAB4/NOGxklEgkZARFfn3P5tBG2xGmPUDZWAElACSmDYxaSx7/v/b61Ne1/N2nrHp/zOu+GvBNwAa6vsIVXzFTsAAAAASUVORK5CYII=",
        }
      }
      style={
        Object {
          "height": 12,
          "width": 12,
        }
      } />
  </View>
  <Modal
    onRequestClose={[Function]}
    transparent={true}
    visible={false}>
    <View
      style={
        Object {
          "flex": 1,
        }
      }>
      <View
        accessibilityComponentType={undefined}
        accessibilityLabel={undefined}
        accessibilityTraits={undefined}
        accessible={true}
        hitSlop={undefined}
        onLayout={undefined}
        onResponderGrant={[Function]}
        onResponderMove={[Function]}
        onResponderRelease={[Function]}
        onResponderTerminate={[Function]}
        onResponderTerminationRequest={[Function]}
        onStartShouldSetResponder={[Function]}
        style={
          Array [
            Object {
              "backgroundColor": "transparent",
            },
            Object {
              "alignItems": "center",
              "backgroundColor": "#00000077",
              "flex": 1,
              "justifyContent": "center",
            },
          ]
        }
        testID={undefined}>
        <View
          style={Object {}}>
          <View
            style={
              Array [
                Object {
                  "backgroundColor": "#fff",
                  "borderRadius": 10,
                  "height": 800.4,
                  "overflow": "hidden",
                  "width": 450,
                },
                Object {},
              ]
            }>
            <View
              style={
                Object {
                  "borderBottomColor": "#bbb",
                  "borderBottomWidth": 1,
                  "paddingHorizontal": 20,
                  "paddingVertical": 10,
                }
              }>
              <Text
                accessible={true}
                allowFontScaling={true}
                ellipsizeMode="tail"
                style={
                  Object {
                    "fontSize": 18,
                    "lineHeight": 20,
                  }
                }>
                Test1
              </Text>
            </View>
            <View
              style={
                Object {
                  "height": 720.4,
                }
              }>
              <ScrollView />
            </View>
            <View
              style={
                Array [
                  Object {
                    "borderBottomLeftRadius": 10,
                    "borderBottomRightRadius": 10,
                    "flexDirection": "row",
                    "justifyContent": "space-around",
                  },
                  Object {},
                ]
              }>
              <View
                accessibilityComponentType={undefined}
                accessibilityLabel={undefined}
                accessibilityTraits={undefined}
                accessible={true}
                hitSlop={undefined}
                onLayout={undefined}
                onResponderGrant={[Function]}
                onResponderMove={[Function]}
                onResponderRelease={[Function]}
                onResponderTerminate={[Function]}
                onResponderTerminationRequest={[Function]}
                onStartShouldSetResponder={[Function]}
                style={
                  Array [
                    Object {
                      "backgroundColor": "transparent",
                    },
                    undefined,
                  ]
                }
                testID={undefined}>
                <View
                  style={
                    Array [
                      Object {
                        "alignItems": "center",
                        "backgroundColor": "#40cca2",
                        "height": 40,
                        "justifyContent": "center",
                        "paddingLeft": 20,
                        "paddingRight": 20,
                        "width": 225,
                      },
                      Object {},
                    ]
                  }>
                  <Text
                    accessible={true}
                    allowFontScaling={true}
                    ellipsizeMode="tail"
                    style={
                      Array [
                        Object {
                          "color": "#fff",
                          "fontSize": 16,
                        },
                        Object {},
                      ]
                    }>
                    Cancel
                  </Text>
                </View>
              </View>
              <View
                accessibilityComponentType={undefined}
                accessibilityLabel={undefined}
                accessibilityTraits={undefined}
                accessible={true}
                hitSlop={undefined}
                onLayout={undefined}
                onResponderGrant={[Function]}
                onResponderMove={[Function]}
                onResponderRelease={[Function]}
                onResponderTerminate={[Function]}
                onResponderTerminationRequest={[Function]}
                onStartShouldSetResponder={[Function]}
                style={
                  Array [
                    Object {
                      "backgroundColor": "transparent",
                    },
                    undefined,
                  ]
                }
                testID={undefined}>
                <View
                  style={
                    Array [
                      Object {
                        "alignItems": "center",
                        "backgroundColor": "#40cca2",
                        "height": 40,
                        "justifyContent": "center",
                        "paddingLeft": 20,
                        "paddingRight": 20,
                        "width": 225,
                      },
                      Object {
                        "borderLeftColor": "#fff",
                        "borderLeftWidth": 1,
                      },
                      Object {},
                    ]
                  }>
                  <Text
                    accessible={true}
                    allowFontScaling={true}
                    ellipsizeMode="tail"
                    style={
                      Array [
                        Object {
                          "color": "#fff",
                          "fontSize": 16,
                        },
                        Object {},
                      ]
                    }>
                    Confirm
                  </Text>
                </View>
              </View>
            </View>
          </View>
        </View>
      </View>
    </View>
  </Modal>
</View>
`;

exports[`test renders readOnly LabelSelect 1`] = `
<View
  style={
    Array [
      Object {
        "alignItems": "center",
        "flexDirection": "row",
        "flexWrap": "wrap",
        "justifyContent": "flex-start",
      },
      Object {},
    ]
  }>
  <View
    style={
      Array [
        Object {
          "alignItems": "center",
          "backgroundColor": "#f6f6f6",
          "borderColor": "#aaa",
          "borderRadius": 6,
          "borderWidth": 1,
          "flexDirection": "row",
          "justifyContent": "center",
          "margin": 4,
          "overflow": "hidden",
        },
        false,
      ]
    }>
    <Text
      accessible={true}
      allowFontScaling={true}
      ellipsisMode="tail"
      ellipsizeMode="tail"
      numberOfLines={1}
      style={
        Array [
          Object {
            "fontSize": 14,
            "lineHeight": 14,
            "maxWidth": 300,
            "padding": 6,
          },
          false,
          Object {},
        ]
      }>
      A
    </Text>
  </View>
  <View
    style={
      Array [
        Object {
          "alignItems": "center",
          "backgroundColor": "#f6f6f6",
          "borderColor": "#aaa",
          "borderRadius": 6,
          "borderWidth": 1,
          "flexDirection": "row",
          "justifyContent": "center",
          "margin": 4,
          "overflow": "hidden",
        },
        false,
      ]
    }>
    <Text
      accessible={true}
      allowFontScaling={true}
      ellipsisMode="tail"
      ellipsizeMode="tail"
      numberOfLines={1}
      style={
        Array [
          Object {
            "fontSize": 14,
            "lineHeight": 14,
            "maxWidth": 300,
            "padding": 6,
          },
          false,
          Object {},
        ]
      }>
      B
    </Text>
  </View>
  <Modal
    onRequestClose={[Function]}
    transparent={true}
    visible={false}>
    <View
      style={
        Object {
          "flex": 1,
        }
      }>
      <View
        accessibilityComponentType={undefined}
        accessibilityLabel={undefined}
        accessibilityTraits={undefined}
        accessible={true}
        hitSlop={undefined}
        onLayout={undefined}
        onResponderGrant={[Function]}
        onResponderMove={[Function]}
        onResponderRelease={[Function]}
        onResponderTerminate={[Function]}
        onResponderTerminationRequest={[Function]}
        onStartShouldSetResponder={[Function]}
        style={
          Array [
            Object {
              "backgroundColor": "transparent",
            },
            Object {
              "alignItems": "center",
              "backgroundColor": "#00000077",
              "flex": 1,
              "justifyContent": "center",
            },
          ]
        }
        testID={undefined}>
        <View
          style={Object {}}>
          <View
            style={
              Array [
                Object {
                  "backgroundColor": "#fff",
                  "borderRadius": 10,
                  "height": 800.4,
                  "overflow": "hidden",
                  "width": 450,
                },
                Object {},
              ]
            }>
            <View
              style={
                Object {
                  "borderBottomColor": "#bbb",
                  "borderBottomWidth": 1,
                  "paddingHorizontal": 20,
                  "paddingVertical": 10,
                }
              }>
              <Text
                accessible={true}
                allowFontScaling={true}
                ellipsizeMode="tail"
                style={
                  Object {
                    "fontSize": 18,
                    "lineHeight": 20,
                  }
                }>
                Test2
              </Text>
            </View>
            <View
              style={
                Object {
                  "height": 720.4,
                }
              }>
              <ScrollView />
            </View>
            <View
              style={
                Array [
                  Object {
                    "borderBottomLeftRadius": 10,
                    "borderBottomRightRadius": 10,
                    "flexDirection": "row",
                    "justifyContent": "space-around",
                  },
                  Object {},
                ]
              }>
              <View
                accessibilityComponentType={undefined}
                accessibilityLabel={undefined}
                accessibilityTraits={undefined}
                accessible={true}
                hitSlop={undefined}
                onLayout={undefined}
                onResponderGrant={[Function]}
                onResponderMove={[Function]}
                onResponderRelease={[Function]}
                onResponderTerminate={[Function]}
                onResponderTerminationRequest={[Function]}
                onStartShouldSetResponder={[Function]}
                style={
                  Array [
                    Object {
                      "backgroundColor": "transparent",
                    },
                    undefined,
                  ]
                }
                testID={undefined}>
                <View
                  style={
                    Array [
                      Object {
                        "alignItems": "center",
                        "backgroundColor": "#40cca2",
                        "height": 40,
                        "justifyContent": "center",
                        "paddingLeft": 20,
                        "paddingRight": 20,
                        "width": 225,
                      },
                      Object {},
                    ]
                  }>
                  <Text
                    accessible={true}
                    allowFontScaling={true}
                    ellipsizeMode="tail"
                    style={
                      Array [
                        Object {
                          "color": "#fff",
                          "fontSize": 16,
                        },
                        Object {},
                      ]
                    }>
                    Cancel
                  </Text>
                </View>
              </View>
              <View
                accessibilityComponentType={undefined}
                accessibilityLabel={undefined}
                accessibilityTraits={undefined}
                accessible={true}
                hitSlop={undefined}
                onLayout={undefined}
                onResponderGrant={[Function]}
                onResponderMove={[Function]}
                onResponderRelease={[Function]}
                onResponderTerminate={[Function]}
                onResponderTerminationRequest={[Function]}
                onStartShouldSetResponder={[Function]}
                style={
                  Array [
                    Object {
                      "backgroundColor": "transparent",
                    },
                    undefined,
                  ]
                }
                testID={undefined}>
                <View
                  style={
                    Array [
                      Object {
                        "alignItems": "center",
                        "backgroundColor": "#40cca2",
                        "height": 40,
                        "justifyContent": "center",
                        "paddingLeft": 20,
                        "paddingRight": 20,
                        "width": 225,
                      },
                      Object {
                        "borderLeftColor": "#fff",
                        "borderLeftWidth": 1,
                      },
                      Object {},
                    ]
                  }>
                  <Text
                    accessible={true}
                    allowFontScaling={true}
                    ellipsizeMode="tail"
                    style={
                      Array [
                        Object {
                          "color": "#fff",
                          "fontSize": 16,
                        },
                        Object {},
                      ]
                    }>
                    Confirm
                  </Text>
                </View>
              </View>
            </View>
          </View>
        </View>
      </View>
    </View>
  </Modal>
</View>
`;
